// Jest Snapshot v1, https://goo.gl/fbAQLP

exports[`ScLoading Component should fullfill snapshot for progressbar and show: false 1`] = `
<sc-loading-presentation
  displayAs={[Function String]}
  for={[Function String]}
  show="false"
>
      
      
    
</sc-loading-presentation>
`;

exports[`ScLoading Component should fullfill snapshot for progressbar and show: true 1`] = `
<sc-loading-presentation
  displayAs={[Function String]}
  for={[Function String]}
  show={[Function Boolean]}
>
      
      
        
        
          <ngb-progressbar
    ng-reflect-animated="true"
    ng-reflect-striped="true"
    ng-reflect-value="100"
    value="100"
  >
    
      
    <div
      class="progress"
    >
      
        
      <div
        aria-valuemax="100"
        aria-valuemin="0"
        aria-valuenow="100"
        class="progress-bar progress-bar-animated progress-bar-striped"
        role="progressbar"
        style="width: 100%;"
      >
        
          
        
        
            
        
          
        
        
      </div>
      
      
    </div>
    
    
  </ngb-progressbar>
        
      
    
</sc-loading-presentation>
`;

exports[`ScLoading Component should fullfill snapshot for spinner and show: false 1`] = `
<sc-loading-presentation
  displayAs={[Function String]}
  for={[Function String]}
  show="false"
>
      
      
    
</sc-loading-presentation>
`;

exports[`ScLoading Component should fullfill snapshot for spinner and show: true 1`] = `
<sc-loading-presentation
  displayAs={[Function String]}
  for={[Function String]}
  show={[Function Boolean]}
>
      
      
        
          <sc-icon
    _nghost-c2=""
    class="d-inline-block "
    icon="fa-spinner"
    ng-reflect-icon="fa-spinner"
    ng-reflect-spin="true"
  >
    
      
    <div
      _ngcontent-c2=""
      class="w-100 flex-row d-flex flex-nowrap align-content-center align-items-center"
    >
      
        
      <i
        _ngcontent-c2=""
        class="fa fa-spin fa-spinner"
        ng-reflect-klass="fa"
        ng-reflect-ng-class="[object Object]"
        ng-reflect-ng-style="[object Object]"
      />
      
        
      <div
        _ngcontent-c2=""
        class="d-flex w-100 justify-content-between align-items-center"
      >
        
          
        
            
        
          
        
        
      </div>
      
      
    </div>
    
    
  </sc-icon>
        
        
      
    
</sc-loading-presentation>
`;
